
> my-v0-project@0.1.0 build C:\Users\hp\writecaster\writecast-1
> next build

  Γû▓ Next.js 14.2.16
  - Environments: .env.local

